2023-09-19 09:55:18,625 [myid:] - INFO  [main:QuorumPeerConfig@134] - Reading configuration from: /home/wyw/mydir/zk3/zookeeper-3.4.10/bin/../conf/zoo.cfg
2023-09-19 09:55:18,628 [myid:] - INFO  [main:DatadirCleanupManager@78] - autopurge.snapRetainCount set to 3
2023-09-19 09:55:18,628 [myid:] - INFO  [main:DatadirCleanupManager@79] - autopurge.purgeInterval set to 0
2023-09-19 09:55:18,629 [myid:] - INFO  [main:DatadirCleanupManager@101] - Purge task is not scheduled.
2023-09-19 09:55:18,629 [myid:] - WARN  [main:QuorumPeerMain@113] - Either no config or no quorum defined in config, running  in standalone mode
2023-09-19 09:55:18,635 [myid:] - INFO  [main:QuorumPeerConfig@134] - Reading configuration from: /home/wyw/mydir/zk3/zookeeper-3.4.10/bin/../conf/zoo.cfg
2023-09-19 09:55:18,636 [myid:] - INFO  [main:ZooKeeperServerMain@96] - Starting server
2023-09-19 09:55:18,642 [myid:] - INFO  [main:Environment@100] - Server environment:zookeeper.version=3.4.10-39d3a4f269333c922ed3db283be479f9deacaa0f, built on 03/23/2017 10:13 GMT
2023-09-19 09:55:18,642 [myid:] - INFO  [main:Environment@100] - Server environment:host.name=wyw-virtual-machine
2023-09-19 09:55:18,642 [myid:] - INFO  [main:Environment@100] - Server environment:java.version=11.0.20.1
2023-09-19 09:55:18,642 [myid:] - INFO  [main:Environment@100] - Server environment:java.vendor=Ubuntu
2023-09-19 09:55:18,642 [myid:] - INFO  [main:Environment@100] - Server environment:java.home=/usr/lib/jvm/java-11-openjdk-amd64
2023-09-19 09:55:18,642 [myid:] - INFO  [main:Environment@100] - Server environment:java.class.path=/home/wyw/mydir/zk3/zookeeper-3.4.10/bin/../build/classes:/home/wyw/mydir/zk3/zookeeper-3.4.10/bin/../build/lib/*.jar:/home/wyw/mydir/zk3/zookeeper-3.4.10/bin/../lib/slf4j-log4j12-1.6.1.jar:/home/wyw/mydir/zk3/zookeeper-3.4.10/bin/../lib/slf4j-api-1.6.1.jar:/home/wyw/mydir/zk3/zookeeper-3.4.10/bin/../lib/netty-3.10.5.Final.jar:/home/wyw/mydir/zk3/zookeeper-3.4.10/bin/../lib/log4j-1.2.16.jar:/home/wyw/mydir/zk3/zookeeper-3.4.10/bin/../lib/jline-0.9.94.jar:/home/wyw/mydir/zk3/zookeeper-3.4.10/bin/../zookeeper-3.4.10.jar:/home/wyw/mydir/zk3/zookeeper-3.4.10/bin/../src/java/lib/*.jar:/home/wyw/mydir/zk3/zookeeper-3.4.10/bin/../conf:
2023-09-19 09:55:18,642 [myid:] - INFO  [main:Environment@100] - Server environment:java.library.path=/usr/java/packages/lib:/usr/lib/x86_64-linux-gnu/jni:/lib/x86_64-linux-gnu:/usr/lib/x86_64-linux-gnu:/usr/lib/jni:/lib:/usr/lib
2023-09-19 09:55:18,643 [myid:] - INFO  [main:Environment@100] - Server environment:java.io.tmpdir=/tmp
2023-09-19 09:55:18,643 [myid:] - INFO  [main:Environment@100] - Server environment:java.compiler=<NA>
2023-09-19 09:55:18,643 [myid:] - INFO  [main:Environment@100] - Server environment:os.name=Linux
2023-09-19 09:55:18,643 [myid:] - INFO  [main:Environment@100] - Server environment:os.arch=amd64
2023-09-19 09:55:18,643 [myid:] - INFO  [main:Environment@100] - Server environment:os.version=6.2.0-32-generic
2023-09-19 09:55:18,643 [myid:] - INFO  [main:Environment@100] - Server environment:user.name=wyw
2023-09-19 09:55:18,643 [myid:] - INFO  [main:Environment@100] - Server environment:user.home=/home/wyw
2023-09-19 09:55:18,643 [myid:] - INFO  [main:Environment@100] - Server environment:user.dir=/home/wyw/mydir/zk_rpc/test
2023-09-19 09:55:18,648 [myid:] - INFO  [main:ZooKeeperServer@829] - tickTime set to 2000
2023-09-19 09:55:18,648 [myid:] - INFO  [main:ZooKeeperServer@838] - minSessionTimeout set to -1
2023-09-19 09:55:18,648 [myid:] - INFO  [main:ZooKeeperServer@847] - maxSessionTimeout set to -1
2023-09-19 09:55:18,657 [myid:] - INFO  [main:NIOServerCnxnFactory@89] - binding to port 0.0.0.0/0.0.0.0:2181
2023-09-19 09:55:28,486 [myid:] - INFO  [NIOServerCxn.Factory:0.0.0.0/0.0.0.0:2181:NIOServerCnxnFactory@192] - Accepted socket connection from /127.0.0.1:47330
2023-09-19 09:55:28,493 [myid:] - WARN  [NIOServerCxn.Factory:0.0.0.0/0.0.0.0:2181:ZooKeeperServer@896] - Connection request from old client /127.0.0.1:47330; will be dropped if server is in r-o mode
2023-09-19 09:55:28,494 [myid:] - INFO  [NIOServerCxn.Factory:0.0.0.0/0.0.0.0:2181:ZooKeeperServer@942] - Client attempting to establish new session at /127.0.0.1:47330
2023-09-19 09:55:28,497 [myid:] - INFO  [SyncThread:0:FileTxnLog@203] - Creating new log file: log.1
2023-09-19 09:55:28,509 [myid:] - INFO  [SyncThread:0:ZooKeeperServer@687] - Established session 0x18aab2626090000 with negotiated timeout 30000 for client /127.0.0.1:47330
2023-09-19 09:55:28,524 [myid:] - INFO  [ProcessThread(sid:0 cport:2181)::PrepRequestProcessor@486] - Processed session termination for sessionid: 0x18aab2626090000
2023-09-19 09:55:28,525 [myid:] - WARN  [NIOServerCxn.Factory:0.0.0.0/0.0.0.0:2181:NIOServerCnxn@368] - caught end of stream exception
EndOfStreamException: Unable to read additional data from client sessionid 0x18aab2626090000, likely client has closed socket
	at org.apache.zookeeper.server.NIOServerCnxn.doIO(NIOServerCnxn.java:239)
	at org.apache.zookeeper.server.NIOServerCnxnFactory.run(NIOServerCnxnFactory.java:203)
	at java.base/java.lang.Thread.run(Thread.java:829)
2023-09-19 09:55:28,526 [myid:] - INFO  [NIOServerCxn.Factory:0.0.0.0/0.0.0.0:2181:NIOServerCnxn@1044] - Closed socket connection for client /127.0.0.1:47330 which had sessionid 0x18aab2626090000
